// Jest Snapshot v1, https://goo.gl/fbAQLP

exports[`Wallet render successful 1`] = `
<div>
  <h3
    className="balance"
  >
    Balance 
    20
  </h3>
  <br />
  <input
    className="input-wallet"
    onChange={[Function]}
  />
  <button
    className="btn-deposit"
    onClick={[Function]}
  >
    add deposit
  </button>
  <button
    className="btn-withdraw"
    onClick={[Function]}
  >
    withdraw
  </button>
</div>
`;
